{
 "training_rows": 35409,
 "training_configs": 72,
 "report_rates": {
  "base": {
   "tpr": 1.0,
   "tnr": 0.8348134991119005,
   "acc": 0.8739303566889773
  },
  "head": {
   "tpr": 0.6067978533094812,
   "tnr": 0.5456261101243339,
   "acc": 0.5601118359739049
  },
  "verifier": {
   "tpr": 0.9487776484284052,
   "tnr": 0.9350190051231202,
   "acc": 0.9370216611595922
  },
  "torso": {
   "tpr": 0.5,
   "tnr": 0.5,
   "acc": 0.5
  }
 },
 "arm_own_rates": {
  "s": {
   "tpr": 0.9370304114490161,
   "tnr": 0.8565719360568383,
   "acc": 0.8756248411420825
  },
  "m": {
   "tpr": 0.8560145808019441,
   "tnr": 0.8557644973909619,
   "acc": 0.8557993730407524
  }
 },
 "centralized_train_rates": {
  "s": {
   "tpr": 0.9963029218843172,
   "tnr": 0.886101243339254,
   "acc": 0.9121974639216018
  },
  "m": {
   "tpr": 0.9929121101660592,
   "tnr": 0.9481474188572742,
   "acc": 0.9543901268039199
  }
 },
 "label_rates": {
  "s": 0.2368042023214437,
  "m": 0.13945607049055325
 },
 "edge_cost": 0.1,
 "utilities": {
  "pull": {
   "(0,0)": 1.0,
   "(1,0)": -3.0,
   "(0,1)": -3.0,
   "(1,1)": -3.0
  },
  "reposition": {
   "(0,0)": -0.3,
   "(1,0)": 0.5,
   "(0,1)": -0.3,
   "(1,1)": -0.3
  },
  "release": {
   "(0,0)": -0.3,
   "(1,0)": -0.3,
   "(0,1)": 0.5,
   "(1,1)": 0.5
  }
 },
 "held_out_configs": 24
}
main: 864 episodes, 37s
n scaling: 864 episodes, 58s
horizon: 648 episodes, 73s
robustness: 864 episodes, 96s
EXIT=0
